I'm sorry, but errors were detected in your script. Please correct the
errors listed below, and try again.


File "game/script.rpy", line 440: invalid syntax
    riris[13] =

Ren'Py Version: Ren'Py 8.1.3.23091805
Mon May 13 18:29:10 2024
